// Jest Snapshot v1, https://goo.gl/fbAQLP

exports[`PageNotFound should display Sorry page not found ! 1`] = `
<div>
  <p
    className="pageNotfound"
  >
     Sorry page not found ! 
  </p>
  <a
    className="view-all"
    href="/"
    onClick={[Function]}
  >
    Back to view all
  </a>
</div>
`;
